0 verbose cli /usr/local/bin/node /usr/local/bin/npm
1 info using npm@11.12.1
2 info using node@v24.15.0
3 silly config load:file:/usr/local/lib/node_modules/npm/npmrc
4 silly config load:file:/Users/rua/proshot/.npmrc
5 silly config load:file:/Users/rua/.npmrc
6 silly config load:file:/usr/local/etc/npmrc
7 verbose title npm list next
8 verbose argv "list" "next" "--json" "true" "--depth" "0"
9 verbose logfile logs-max:10 dir:/Users/rua/proshot/.npm-cache/_logs/2026-07-25T12_47_51_556Z-
10 verbose logfile /Users/rua/proshot/.npm-cache/_logs/2026-07-25T12_47_51_556Z-debug-0.log
11 silly logfile start cleaning logs, removing 1 files
12 silly packumentCache heap:4496293888 maxSize:1124073472 maxEntrySize:562036736
13 silly logfile done cleaning log files
14 verbose cwd /Users/rua/proshot/node_modules
15 verbose os Darwin 25.3.0
16 verbose node v24.15.0
17 verbose npm  v11.12.1
18 verbose exit 0
19 info ok
